[web/index.html]
[backblue.gif]
[fade.gif]
[index.html]
[web/images/bootstrap.css]
[web/images/style.css]
[web/images/responsive.css]
[web/images/favicon.png]
[web/contact.html]
[web/index-2.html]
[web/images/logo.png]
[web/index-3.html]
[web/about.html]
[web/appointment.html]
[web/faq.html]
[web/testimonial.html]
[web/not-found.html]
[web/services.html]
[web/carpet-cleaning.html]
[web/tile-grout.html]
[web/window-cleaning.html]
[web/laundry-service.html]
[web/house-keeping.html]
[web/vehicle-cleaning.html]
[web/case-1.html]
[web/case-2.html]
[web/case-3.html]
[web/case-single.html]
[web/blog.html]
[web/blog-large.html]
[web/blog-single.html]
[web/images/logo-small.png]
[web/images/image-1.jpg]
[web/images/image-2.jpg]
[web/images/image-3.jpg]
[web/images/welcome-1.jpg]
[web/images/welcome-2.jpg]
[web/images/feature-1.jpg]
[web/images/feature-2.jpg]
[web/images/feature-3.jpg]
[web/images/cleaner-1.jpg]
[web/images/cleaner-2.jpg]
[web/images/video-img.jpg]
[web/images/1.jpg]
[web/images/feedback-1.jpg]
[web/images/feedback-2.jpg]
[web/images/feedback-3.jpg]
[web/images/news-1.jpg]
[web/images/news-2.jpg]
[web/images/news-3.jpg]
[web/images/1.png]
[web/images/2.png]
[web/images/3.png]
[web/images/4.png]
[web/images/footer-logo.png]
[web/images/popper.min.js]
[web/images/jquery.js]
[web/images/bootstrap.min.js]
[web/images/jquery.mcustomscrollbar.concat.min.js]
[web/images/appear.js]
[web/images/owl.js]
[web/images/jquery.fancybox.js]
[web/images/wow.js]
[web/index.html]
[web/images/script.js]
[web/images/5.jpg]
[web/images/author-3.jpg]
[web/images/author-4.jpg]
[web/images/map-marker.png]
[web/images/validate.js]
[web/images/gmaps.js]
[web/images/map-script.js]
[web/contact.html]
[web/index-2.html]
[web/images/spot-1.jpg]
[web/images/jquery-ui.js]
[web/images/spot-2.jpg]
[web/images/spot-3.jpg]
[web/images/2.jpg]
[web/images/1-2.jpg]
[web/images/2-2.jpg]
[web/images/3.jpg]
[web/images/4.jpg]
[web/images/5-2.jpg]
[web/images/6.jpg]
[web/index-3.html]
[web/images/isotope.js]
[web/images/3-2.jpg]
[web/images/4-2.jpg]
[web/images/image-4.jpg]
[web/images/feature-4.png]
[web/images/team-1.jpg]
[web/images/team-2.jpg]
[web/images/team-3.jpg]
[web/images/review-1.png]
[web/images/review-2.png]
[web/images/review-3.png]
[web/about.html]
[web/appointment.html]
[web/faq.html]
[web/images/jquery.timepicker.min.js]
[web/images/author-1.jpg]
[web/images/author-2.jpg]
[web/images/author-5.jpg]
[web/images/author-6.jpg]
[web/images/author-7.jpg]
[web/images/author-8.jpg]
[web/testimonial.html]
[web/images/image-2.png]
[web/images/error-image.png]
[web/not-found.html]
[web/images/services-1.jpg]
[web/images/services-2.jpg]
[web/images/services-3.jpg]
[web/images/services-4.jpg]
[web/images/services-5.jpg]
[web/images/services-6.jpg]
[web/services.html]
[web/images/services-7.jpg]
[web/images/services-8.jpg]
[web/images/image-5.jpg]
[web/images/image-6.jpg]
[web/carpet-cleaning.html]
[web/tile-grout.html]
[web/window-cleaning.html]
[web/laundry-service.html]
[web/house-keeping.html]
[web/vehicle-cleaning.html]
[web/images/7.jpg]
[web/images/8.jpg]
[web/images/9.jpg]
[web/images/10.jpg]
[web/images/11.jpg]
[web/images/12.jpg]
[web/images/13.jpg]
[web/images/14.jpg]
[web/images/15.jpg]
[web/case-1.html]
[web/images/16.jpg]
[web/images/17.jpg]
[web/images/18.jpg]
[web/case-2.html]
[web/images/19.jpg]
[web/images/20.jpg]
[web/images/21.jpg]
[web/images/22.jpg]
[web/images/23.jpg]
[web/images/24.jpg]
[web/images/25.jpg]
[web/images/26.jpg]
[web/case-3.html]
[web/images/27.jpg]
[web/images/28.jpg]
[web/images/resize.png]
[web/images/29.jpg]
[web/case-single.html]
[web/images/news-10.jpg]
[web/images/news-4.jpg]
[web/images/news-5.jpg]
[web/images/news-6.jpg]
[web/images/news-7.jpg]
[web/images/news-8.jpg]
[web/images/news-9.jpg]
[web/blog.html]
[web/images/news-11.jpg]
[web/images/news-12.jpg]
[web/images/news-13.jpg]
[web/images/news-14.jpg]
[web/images/news-15.jpg]
[web/images/news-16.jpg]
[web/images/about.jpg]
[web/images/post-thumb-1.jpg]
[web/images/post-thumb-2.jpg]
[web/images/post-thumb-3.jpg]
[web/images/instagram-1.jpg]
[web/images/instagram-2.jpg]
[web/images/instagram-3.jpg]
[web/images/instagram-4.jpg]
[web/images/instagram-5.jpg]
[web/images/instagram-6.jpg]
[web/images/facebook-bg.jpg]
[web/images/facebook.jpg]
[web/blog-large.html]
[web/images/news-17.jpg]
[web/images/post-thumb-4.jpg]
[web/images/post-thumb-5.jpg]
[web/images/author-9.jpg]
[web/images/author-10.jpg]
[web/images/author-11.jpg]
[web/images/author-12.jpg]
[web/blog-single.html]
[web/images/bootstrap.css]
[web/images/font-awesome.css]
[web/images/flaticon.css]
[web/images/animate.css]
[web/images/owl.css]
[web/images/jquery-ui.css]
[web/images/jquery.timepicker.min.css]
[web/images/jquery.fancybox.min.css]
[web/images/jquery.bootstrap-touchspin.css]
[web/images/jquery.mcustomscrollbar.min.css]
[web/images/preloader.svg]
[web/images/pattern-1.png]
[web/images/pattern-2.jpg]
[web/images/style.css]
[web/images/responsive.css]
[web/contact.html]
[web/index-3.html]
[web/images/fontawesome-webfonte0a5.woff2]
[web/images/fontawesome-webfonte0a5.eot]
[web/images/fontawesome-webfonte0a5.woff]
[web/images/fontawesome-webfontd41d.eot]
[web/images/font-awesome.css]
[web/images/fontawesome-webfonte0a5.svg]
[web/images/flaticon.eot]
[web/images/flaticon.woff]
[web/images/fontawesome-webfonte0a5.ttf]
[web/images/flaticond41d.eot]
[web/images/flaticon.css]
[web/images/animate.css]
[web/images/flaticon.svg]
[web/images/flaticon.ttf]
[web/images/owl.css]
[web/images/ui-icons_444444_256x240.png]
[web/images/jquery-ui.css]
[web/images/jquery.timepicker.min.css]
[web/images/jquery.fancybox.min.css]
[web/images/jquery.bootstrap-touchspin.css]
[web/images/jquery.mcustomscrollbar.min.css]
[web/images/preloader.svg]
[web/images/fontawesome-webfonte0a5.svg]
[web/images/flaticon.svg]
[web/owl.video.play.html]
[web/ui-icons_777620_256x240.html]
[web/ui-icons_cc0000_256x240.html]
[web/ui-icons_777777_256x240.html]
[web/mcsb_buttons.html]
